// Jest Snapshot v1, https://goo.gl/fbAQLP

exports[`should render Expense list item correctly 1`] = `
<div>
  <Link
    to="/edit/1"
  >
    <h3>
      Gum
    </h3>
  </Link>
  <p>
    195
    -
    January 1O, 1970
  </p>
</div>
`;
